Archive member included because of file (symbol)

c:/stm32toolchain/gnu-arm/4.8-2014q3/bin/../lib/gcc/arm-none-eabi/4.8.4/armv7-m\libgcc.a(unwind-arm.o)
                              ./system/src/newlib/_cxx.o (__aeabi_unwind_cpp_pr1)
c:/stm32toolchain/gnu-arm/4.8-2014q3/bin/../lib/gcc/arm-none-eabi/4.8.4/armv7-m\libgcc.a(libunwind.o)
                              c:/stm32toolchain/gnu-arm/4.8-2014q3/bin/../lib/gcc/arm-none-eabi/4.8.4/armv7-m\libgcc.a(unwind-arm.o) (restore_core_regs)
c:/stm32toolchain/gnu-arm/4.8-2014q3/bin/../lib/gcc/arm-none-eabi/4.8.4/armv7-m\libgcc.a(pr-support.o)
                              c:/stm32toolchain/gnu-arm/4.8-2014q3/bin/../lib/gcc/arm-none-eabi/4.8.4/armv7-m\libgcc.a(unwind-arm.o) (__gnu_unwind_execute)
c:/stm32toolchain/gnu-arm/4.8-2014q3/bin/../lib/gcc/arm-none-eabi/4.8.4/../../../../arm-none-eabi/lib/armv7-m\libg_s.a(lib_a-errno.o)
                              ./system/src/newlib/_sbrk.o (__errno)
c:/stm32toolchain/gnu-arm/4.8-2014q3/bin/../lib/gcc/arm-none-eabi/4.8.4/../../../../arm-none-eabi/lib/armv7-m\libg_s.a(lib_a-impure.o)
                              c:/stm32toolchain/gnu-arm/4.8-2014q3/bin/../lib/gcc/arm-none-eabi/4.8.4/../../../../arm-none-eabi/lib/armv7-m\libg_s.a(lib_a-errno.o) (_impure_ptr)
c:/stm32toolchain/gnu-arm/4.8-2014q3/bin/../lib/gcc/arm-none-eabi/4.8.4/../../../../arm-none-eabi/lib/armv7-m\libg_s.a(lib_a-init.o)
                              ./system/src/cmsis/startup_stm32f103xb.o (__libc_init_array)
c:/stm32toolchain/gnu-arm/4.8-2014q3/bin/../lib/gcc/arm-none-eabi/4.8.4/../../../../arm-none-eabi/lib/armv7-m\libg_s.a(lib_a-memcpy-stub.o)
                              ./Middlewares/Third_Party/FreeRTOS/Source/queue.o (memcpy)
c:/stm32toolchain/gnu-arm/4.8-2014q3/bin/../lib/gcc/arm-none-eabi/4.8.4/../../../../arm-none-eabi/lib/armv7-m\libg_s.a(lib_a-memset.o)
                              ./Middlewares/Third_Party/FreeRTOS/Source/CMSIS_RTOS/cmsis_os.o (memset)
c:/stm32toolchain/gnu-arm/4.8-2014q3/bin/../lib/gcc/arm-none-eabi/4.8.4/../../../../arm-none-eabi/lib/armv7-m\libg_s.a(lib_a-sprintf.o)
                              ./src/main.o (sprintf)
c:/stm32toolchain/gnu-arm/4.8-2014q3/bin/../lib/gcc/arm-none-eabi/4.8.4/../../../../arm-none-eabi/lib/armv7-m\libg_s.a(lib_a-strlen.o)
                              ./system/src/diag/Trace.o (strlen)
c:/stm32toolchain/gnu-arm/4.8-2014q3/bin/../lib/gcc/arm-none-eabi/4.8.4/../../../../arm-none-eabi/lib/armv7-m\libg_s.a(lib_a-svfprintf.o)
                              c:/stm32toolchain/gnu-arm/4.8-2014q3/bin/../lib/gcc/arm-none-eabi/4.8.4/../../../../arm-none-eabi/lib/armv7-m\libg_s.a(lib_a-sprintf.o) (_svfprintf_r)
c:/stm32toolchain/gnu-arm/4.8-2014q3/bin/../lib/gcc/arm-none-eabi/4.8.4/../../../../arm-none-eabi/lib/armv7-m\libg_s.a(lib_a-vfprintf_i.o)
                              c:/stm32toolchain/gnu-arm/4.8-2014q3/bin/../lib/gcc/arm-none-eabi/4.8.4/../../../../arm-none-eabi/lib/armv7-m\libg_s.a(lib_a-svfprintf.o) (_printf_i)
c:/stm32toolchain/gnu-arm/4.8-2014q3/bin/../lib/gcc/arm-none-eabi/4.8.4/../../../../arm-none-eabi/lib/armv7-m\libg_s.a(lib_a-vsnprintf.o)
                              ./system/src/diag/Trace.o (vsnprintf)
c:/stm32toolchain/gnu-arm/4.8-2014q3/bin/../lib/gcc/arm-none-eabi/4.8.4/../../../../arm-none-eabi/lib/armv7-m\libg_s.a(lib_a-memchr-stub.o)
                              c:/stm32toolchain/gnu-arm/4.8-2014q3/bin/../lib/gcc/arm-none-eabi/4.8.4/../../../../arm-none-eabi/lib/armv7-m\libg_s.a(lib_a-svfprintf.o) (memchr)
c:/stm32toolchain/gnu-arm/4.8-2014q3/bin/../lib/gcc/arm-none-eabi/4.8.4/../../../../arm-none-eabi/lib/armv7-m\libg_s.a(lib_a-memmove.o)
                              c:/stm32toolchain/gnu-arm/4.8-2014q3/bin/../lib/gcc/arm-none-eabi/4.8.4/../../../../arm-none-eabi/lib/armv7-m\libg_s.a(lib_a-svfprintf.o) (memmove)
c:/stm32toolchain/gnu-arm/4.8-2014q3/bin/../lib/gcc/arm-none-eabi/4.8.4/../../../../arm-none-eabi/lib/armv7-m\libg_s.a(lib_a-nano-freer.o)
                              c:/stm32toolchain/gnu-arm/4.8-2014q3/bin/../lib/gcc/arm-none-eabi/4.8.4/../../../../arm-none-eabi/lib/armv7-m\libg_s.a(lib_a-svfprintf.o) (_free_r)
c:/stm32toolchain/gnu-arm/4.8-2014q3/bin/../lib/gcc/arm-none-eabi/4.8.4/../../../../arm-none-eabi/lib/armv7-m\libg_s.a(lib_a-nano-mallocr.o)
                              c:/stm32toolchain/gnu-arm/4.8-2014q3/bin/../lib/gcc/arm-none-eabi/4.8.4/../../../../arm-none-eabi/lib/armv7-m\libg_s.a(lib_a-svfprintf.o) (_malloc_r)
c:/stm32toolchain/gnu-arm/4.8-2014q3/bin/../lib/gcc/arm-none-eabi/4.8.4/../../../../arm-none-eabi/lib/armv7-m\libg_s.a(lib_a-nano-reallocr.o)
                              c:/stm32toolchain/gnu-arm/4.8-2014q3/bin/../lib/gcc/arm-none-eabi/4.8.4/../../../../arm-none-eabi/lib/armv7-m\libg_s.a(lib_a-svfprintf.o) (_realloc_r)
c:/stm32toolchain/gnu-arm/4.8-2014q3/bin/../lib/gcc/arm-none-eabi/4.8.4/../../../../arm-none-eabi/lib/armv7-m\libg_s.a(lib_a-sbrkr.o)
[...]
Memory Configuration

Name             Origin             Length             Attributes
FLASH            0x08000000         0x00020000         xr
RAM              0x20000000         0x00005000         xrw
CCMRAM           0x10000000         0x00000000         xrw
FLASHB1          0x00000000         0x00000000         xr
EXTMEMB0         0x00000000         0x00000000         xr
EXTMEMB1         0x00000000         0x00000000         xr
EXTMEMB2         0x00000000         0x00000000         xr
EXTMEMB3         0x00000000         0x00000000         xr
*default*        0x00000000         0xffffffff

Linker script and memory map

LOAD ./system/src/stm32f1xx/stm32f1xx_hal.o
LOAD ./system/src/stm32f1xx/stm32f1xx_hal_can.o
LOAD ./system/src/stm32f1xx/stm32f1xx_hal_cortex.o
LOAD ./system/src/stm32f1xx/stm32f1xx_hal_dma.o
LOAD ./system/src/stm32f1xx/stm32f1xx_hal_flash.o
LOAD ./system/src/stm32f1xx/stm32f1xx_hal_flash_ex.o
LOAD ./system/src/stm32f1xx/stm32f1xx_hal_gpio.o
LOAD ./system/src/stm32f1xx/stm32f1xx_hal_gpio_ex.o
LOAD ./system/src/stm32f1xx/stm32f1xx_hal_pwr.o
LOAD ./system/src/stm32f1xx/stm32f1xx_hal_rcc.o
LOAD ./system/src/stm32f1xx/stm32f1xx_hal_rcc_ex.o
LOAD ./system/src/stm32f1xx/stm32f1xx_hal_tim.o
LOAD ./system/src/stm32f1xx/stm32f1xx_hal_tim_ex.o
LOAD ./system/src/stm32f1xx/stm32f1xx_hal_uart.o
LOAD ./system/src/newlib/_cxx.o
LOAD ./system/src/newlib/_exit.o
LOAD ./system/src/newlib/_sbrk.o
LOAD ./system/src/newlib/_startup.o
LOAD ./system/src/newlib/_syscalls.o
LOAD ./system/src/newlib/assert.o
LOAD ./system/src/diag/Trace.o
LOAD ./system/src/diag/trace_impl.o
LOAD ./system/src/cortexm/_initialize_hardware.o
LOAD ./system/src/cortexm/_reset_hardware.o
LOAD ./system/src/cortexm/exception_handlers.o
LOAD ./system/src/cmsis/startup_stm32f103xb.o
LOAD ./system/src/cmsis/system_stm32f1xx.o
LOAD ./src/freertos.o
LOAD ./src/main.o
LOAD ./src/stm32f1xx_hal_msp.o
LOAD ./src/stm32f1xx_it.o
LOAD ./Middlewares/Third_Party/FreeRTOS/Source/portable/MemMang/heap_4.o
LOAD ./Middlewares/Third_Party/FreeRTOS/Source/portable/GCC/ARM_CM3/port.o
LOAD ./Middlewares/Third_Party/FreeRTOS/Source/CMSIS_RTOS/cmsis_os.o
LOAD ./Middlewares/Third_Party/FreeRTOS/Source/croutine.o
LOAD ./Middlewares/Third_Party/FreeRTOS/Source/event_groups.o
LOAD ./Middlewares/Third_Party/FreeRTOS/Source/list.o
LOAD ./Middlewares/Third_Party/FreeRTOS/Source/queue.o
LOAD ./Middlewares/Third_Party/FreeRTOS/Source/tasks.o
LOAD ./Middlewares/Third_Party/FreeRTOS/Source/timers.o
LOAD c:/stm32toolchain/gnu-arm/4.8-2014q3/bin/../lib/gcc/arm-none-eabi/4.8.4/../../../../arm-none-eabi/lib/armv7-m\libstdc++_s.a
LOAD c:/stm32toolchain/gnu-arm/4.8-2014q3/bin/../lib/gcc/arm-none-eabi/4.8.4/../../../../arm-none-eabi/lib/armv7-m\libm.a
START GROUP
LOAD c:/stm32toolchain/gnu-arm/4.8-2014q3/bin/../lib/gcc/arm-none-eabi/4.8.4/armv7-m\libgcc.a
LOAD c:/stm32toolchain/gnu-arm/4.8-2014q3/bin/../lib/gcc/arm-none-eabi/4.8.4/../../../../arm-none-eabi/lib/armv7-m\libg_s.a
LOAD c:/stm32toolchain/gnu-arm/4.8-2014q3/bin/../lib/gcc/arm-none-eabi/4.8.4/../../../../arm-none-eabi/lib/armv7-m\libc_s.a
END GROUP
START GROUP
LOAD c:/stm32toolchain/gnu-arm/4.8-2014q3/bin/../lib/gcc/arm-none-eabi/4.8.4/armv7-m\libgcc.a
LOAD c:/stm32toolchain/gnu-arm/4.8-2014q3/bin/../lib/gcc/arm-none-eabi/4.8.4/../../../../arm-none-eabi/lib/armv7-m\libc_s.a
END GROUP
                0x20005000                __stack = (ORIGIN (RAM) + 0x5000)
                0x20005000                _estack = __stack
                0x00000400                __Main_Stack_Size = 0x400
                0x00000400                PROVIDE (_Main_Stack_Size, __Main_Stack_Size)
                0x20004c00                __Main_Stack_Limit = (__stack - __Main_Stack_Size)
                0x20004c00                PROVIDE (_Main_Stack_Limit, __Main_Stack_Limit)
                0x00000100                _Minimum_Stack_Size = 0x100
                0x20000f64                PROVIDE (_Heap_Begin, _end_noinit)
                0x20004c00                PROVIDE (_Heap_Limit, (__stack - __Main_Stack_Size))

.isr_vector     0x08000000      0x324
 FILL mask 0xff
                0x08000000                __vectors_start = ABSOLUTE (.)
                0x08000000                __vectors_start__ = ABSOLUTE (.)
 *(.isr_vector)
 .isr_vector    0x08000000      0x10c ./system/src/cmsis/startup_stm32f103xb.o
                0x08000000                g_pfnVectors
 *(.cfmconfig)
 *(.after_vectors .after_vectors.*)
 .after_vectors
                0x0800010c      0x114 ./system/src/newlib/_startup.o
                0x0800010c                _start
 .after_vectors
                0x08000220      0x104 ./system/src/cortexm/exception_handlers.o
                0x08000220                Reset_Handler
                0x08000228                NMI_Handler
                0x0800022c                HardFault_Handler
                0x08000240                HardFault_Handler_C
                0x08000274                MemManage_Handler
                0x08000278                BusFault_Handler
                0x0800028c                BusFault_Handler_C
                0x080002c0                UsageFault_Handler
                0x080002d4                UsageFault_Handler_C
                0x0800030c                DebugMon_Handler

.inits          0x08000324       0x28
                0x08000324                __data_regions_array_start = .
                0x08000324        0x4 LONG 0x8003754 LOADADDR (.data)
                0x08000328        0x4 LONG 0x20000000 ADDR (.data)
                0x0800032c        0x4 LONG 0x2000007c (ADDR (.data) + SIZEOF (.data))
                0x08000330        0x4 LONG 0x8003754 LOADADDR (.data_CCMRAM)
                0x08000334        0x4 LONG 0x10000000 ADDR (.data_CCMRAM)
                0x08000338        0x4 LONG 0x10000000 (ADDR (.data_CCMRAM) + SIZEOF (.data_CCMRAM))
                0x0800033c                __data_regions_array_end = .
                0x0800033c                __bss_regions_array_start = .
                0x0800033c        0x4 LONG 0x2000007c ADDR (.bss)
                0x08000340        0x4 LONG 0x20000f64 (ADDR (.bss) + SIZEOF (.bss))
                0x08000344        0x4 LONG 0x10000000 ADDR (.bss_CCMRAM)
                0x08000348        0x4 LONG 0x10000000 (ADDR (.bss_CCMRAM) + SIZEOF (.bss_CCMRAM))
                0x0800034c                __bss_regions_array_end = .
 *(.init)
 *(.fini)
                0x0800034c                . = ALIGN (0x4)
                0x0800034c                PROVIDE (__preinit_array_start, .)
 *(.preinit_array_sysinit .preinit_array_sysinit.*)
 *(.preinit_array_platform .preinit_array_platform.*)
 *(.preinit_array .preinit_array.*)
                0x0800034c                PROVIDE (__preinit_array_end, .)
                0x0800034c                . = ALIGN (0x4)
                0x0800034c                PROVIDE (__init_array_start, .)
 *(SORT(.init_array.*))
 *(.init_array)
                0x0800034c                PROVIDE (__init_array_end, .)
                0x0800034c                . = ALIGN (0x4)
                0x0800034c                PROVIDE (__fini_array_start, .)
 *(SORT(.fini_array.*))
 *(.fini_array)
                0x0800034c                PROVIDE (__fini_array_end, .)

.flashtext
 *(.flashtext .flashtext.*)

.text           0x0800034c     0x3405
 *(.text .text.*)
 .text.HAL_InitTick
                0x0800034c       0x28 ./system/src/stm32f1xx/stm32f1xx_hal.o
                0x0800034c                HAL_InitTick
 .text.HAL_Init
                0x08000374       0x24 ./system/src/stm32f1xx/stm32f1xx_hal.o
                0x08000374                HAL_Init
 .text.HAL_IncTick
                0x08000398       0x10 ./system/src/stm32f1xx/stm32f1xx_hal.o
                0x08000398                HAL_IncTick
 .text.HAL_GetTick
                0x080003a8        0xc ./system/src/stm32f1xx/stm32f1xx_hal.o
                0x080003a8                HAL_GetTick
 .text.HAL_Delay
                0x080003b4       0x1c ./system/src/stm32f1xx/stm32f1xx_hal.o
                0x080003b4                HAL_Delay
 .text.HAL_CAN_ConfigFilter
                0x080003d0      0x100 ./system/src/stm32f1xx/stm32f1xx_hal_can.o
                0x080003d0                HAL_CAN_ConfigFilter
 .text.HAL_CAN_Init
                0x080004d0      0x130 ./system/src/stm32f1xx/stm32f1xx_hal_can.o
                0x080004d0                HAL_CAN_Init
 .text.HAL_CAN_Transmit
                0x08000600      0x1c4 ./system/src/stm32f1xx/stm32f1xx_hal_can.o
                0x08000600                HAL_CAN_Transmit
 .text.HAL_CAN_Receive
                0x080007c4      0x194 ./system/src/stm32f1xx/stm32f1xx_hal_can.o
                0x080007c4                HAL_CAN_Receive
 .text.HAL_NVIC_SetPriorityGrouping
                0x08000958       0x24 ./system/src/stm32f1xx/stm32f1xx_hal_cortex.o
                0x08000958                HAL_NVIC_SetPriorityGrouping
 .text.HAL_NVIC_SetPriority
                0x0800097c       0x64 ./system/src/stm32f1xx/stm32f1xx_hal_cortex.o
                0x0800097c                HAL_NVIC_SetPriority
 .text.HAL_NVIC_EnableIRQ
                0x080009e0       0x18 ./system/src/stm32f1xx/stm32f1xx_hal_cortex.o
                0x080009e0                HAL_NVIC_EnableIRQ
 .text.HAL_SYSTICK_Config
                0x080009f8       0x2c ./system/src/stm32f1xx/stm32f1xx_hal_cortex.o
                0x080009f8                HAL_SYSTICK_Config
 .text.HAL_SYSTICK_CLKSourceConfig
                0x08000a24       0x20 ./system/src/stm32f1xx/stm32f1xx_hal_cortex.o
                0x08000a24                HAL_SYSTICK_CLKSourceConfig
 .text.HAL_GPIO_Init
                0x08000a44      0x1e0 ./system/src/stm32f1xx/stm32f1xx_hal_gpio.o
                0x08000a44                HAL_GPIO_Init
 .text.HAL_GPIO_WritePin
                0x08000c24        0xc ./system/src/stm32f1xx/stm32f1xx_hal_gpio.o
                0x08000c24                HAL_GPIO_WritePin
 .text.HAL_GPIO_EXTI_Callback
                0x08000c30        0x4 ./system/src/stm32f1xx/stm32f1xx_hal_gpio.o
                0x08000c30                HAL_GPIO_EXTI_Callback
 .text.HAL_GPIO_EXTI_IRQHandler
                0x08000c34       0x18 ./system/src/stm32f1xx/stm32f1xx_hal_gpio.o
                0x08000c34                HAL_GPIO_EXTI_IRQHandler
 .text.HAL_RCC_OscConfig
                0x08000c4c      0x5f8 ./system/src/stm32f1xx/stm32f1xx_hal_rcc.o
                0x08000c4c                HAL_RCC_OscConfig
 .text.HAL_RCC_GetSysClockFreq
                0x08001244       0x94 ./system/src/stm32f1xx/stm32f1xx_hal_rcc.o
                0x08001244                HAL_RCC_GetSysClockFreq
 .text.HAL_RCC_ClockConfig
                0x080012d8      0x1e4 ./system/src/stm32f1xx/stm32f1xx_hal_rcc.o
                0x080012d8                HAL_RCC_ClockConfig
 .text.HAL_RCC_GetHCLKFreq
                0x080014bc        0xc ./system/src/stm32f1xx/stm32f1xx_hal_rcc.o
                0x080014bc                HAL_RCC_GetHCLKFreq
 .text.HAL_RCC_GetPCLK1Freq
                0x080014c8       0x30 ./system/src/stm32f1xx/stm32f1xx_hal_rcc.o
                0x080014c8                HAL_RCC_GetPCLK1Freq
 .text.HAL_RCC_GetPCLK2Freq
                0x080014f8       0x30 ./system/src/stm32f1xx/stm32f1xx_hal_rcc.o
                0x080014f8                HAL_RCC_GetPCLK2Freq
 .text.UART_SetConfig
                0x08001528      0x1b4 ./system/src/stm32f1xx/stm32f1xx_hal_uart.o
 .text.UART_WaitOnFlagUntilTimeout
                0x080016dc       0xd4 ./system/src/stm32f1xx/stm32f1xx_hal_uart.o
 .text.HAL_UART_Init
                0x080017b0       0x60 ./system/src/stm32f1xx/stm32f1xx_hal_uart.o
                0x080017b0                HAL_UART_Init
 .text.HAL_UART_Transmit
                0x08001810       0xe8 ./system/src/stm32f1xx/stm32f1xx_hal_uart.o
                0x08001810                HAL_UART_Transmit
 .text._exit    0x080018f8        0x4 ./system/src/newlib/_exit.o
                0x080018f8                _exit
 .text._sbrk    0x080018fc       0x44 ./system/src/newlib/_sbrk.o
                0x080018fc                _sbrk
 .text.__initialize_args
                0x08001940       0x10 ./system/src/newlib/_syscalls.o
                0x08001940                __initialize_args
 .text.trace_printf
                0x08001950       0x34 ./system/src/diag/Trace.o
                0x08001950                trace_printf
 .text.trace_write
                0x08001984        0x8 ./system/src/diag/trace_impl.o
                0x08001984                trace_write
 .text.__initialize_hardware_early
                0x0800198c       0x18 ./system/src/cortexm/_initialize_hardware.o
                0x0800198c                __initialize_hardware_early
 .text.__initialize_hardware
                0x080019a4        0x8 ./system/src/cortexm/_initialize_hardware.o
                0x080019a4                __initialize_hardware
 .text.dumpExceptionStack
                0x080019ac       0xf0 ./system/src/cortexm/exception_handlers.o
                0x080019ac                dumpExceptionStack
 .text.Default_Handler
                0x08001a9c        0x4 ./system/src/cmsis/startup_stm32f103xb.o
                0x08001a9c                RTC_Alarm_IRQHandler
                0x08001a9c                EXTI2_IRQHandler
                0x08001a9c                TIM1_CC_IRQHandler
                0x08001a9c                PVD_IRQHandler
                0x08001a9c                EXTI3_IRQHandler
                0x08001a9c                EXTI0_IRQHandler
                0x08001a9c                I2C2_EV_IRQHandler
                0x08001a9c                ADC1_2_IRQHandler
                0x08001a9c                SPI1_IRQHandler
                0x08001a9c                TAMPER_IRQHandler
                0x08001a9c                DMA1_Channel4_IRQHandler
                0x08001a9c                USART3_IRQHandler
                0x08001a9c                RTC_IRQHandler
                0x08001a9c                DMA1_Channel7_IRQHandler
                0x08001a9c                CAN1_RX1_IRQHandler
                0x08001a9c                TIM4_IRQHandler
                0x08001a9c                I2C1_EV_IRQHandler
                0x08001a9c                DMA1_Channel6_IRQHandler
                0x08001a9c                TIM3_IRQHandler
                0x08001a9c                RCC_IRQHandler
                0x08001a9c                TIM1_TRG_COM_IRQHandler
                0x08001a9c                DMA1_Channel1_IRQHandler
                0x08001a9c                Default_Handler
                0x08001a9c                EXTI9_5_IRQHandler
                0x08001a9c                SPI2_IRQHandler
                0x08001a9c                DMA1_Channel5_IRQHandler
                0x08001a9c                EXTI4_IRQHandler
                0x08001a9c                USB_LP_CAN1_RX0_IRQHandler
                0x08001a9c                USB_HP_CAN1_TX_IRQHandler
                0x08001a9c                DMA1_Channel3_IRQHandler
                0x08001a9c                TIM1_UP_IRQHandler
                0x08001a9c                WWDG_IRQHandler
                0x08001a9c                TIM2_IRQHandler
                0x08001a9c                TIM1_BRK_IRQHandler
                0x08001a9c                EXTI1_IRQHandler
                0x08001a9c                USART2_IRQHandler
                0x08001a9c                I2C2_ER_IRQHandler
                0x08001a9c                DMA1_Channel2_IRQHandler
                0x08001a9c                CAN1_SCE_IRQHandler
                0x08001a9c                FLASH_IRQHandler
                0x08001a9c                USART1_IRQHandler
                0x08001a9c                I2C1_ER_IRQHandler
                0x08001a9c                USBWakeUp_IRQHandler
 .text.SystemInit
                0x08001aa0       0x4c ./system/src/cmsis/system_stm32f1xx.o
                0x08001aa0                SystemInit
 .text.SystemCoreClockUpdate
                0x08001aec       0x94 ./system/src/cmsis/system_stm32f1xx.o
                0x08001aec                SystemCoreClockUpdate
 .text.MX_GPIO_Init
                0x08001b80       0xa8 ./src/main.o
 .text.receive_task
                0x08001c28       0xcc ./src/main.o
                0x08001c28                receive_task
 .text.send_task
                0x08001cf4       0xf8 ./src/main.o
                0x08001cf4                send_task
 .text._Error_Handler
                0x08001dec        0x4 ./src/main.o
                0x08001dec                _Error_Handler
 .text.MX_CAN_Init
                0x08001df0       0x9c ./src/main.o
 .text.MX_USART1_UART_Init
                0x08001e8c       0x3c ./src/main.o
 .text.MX_USART2_UART_Init
                0x08001ec8       0x3c ./src/main.o
 .text.SystemClock_Config
                0x08001f04       0x80 ./src/main.o
                0x08001f04                SystemClock_Config
 .text.main     0x08001f84       0x60 ./src/main.o
                0x08001f84                main
 .text.HAL_MspInit
                0x08001fe4       0x90 ./src/stm32f1xx_hal_msp.o
                0x08001fe4                HAL_MspInit
 .text.HAL_CAN_MspInit
                0x08002074       0x6c ./src/stm32f1xx_hal_msp.o
                0x08002074                HAL_CAN_MspInit
 .text.HAL_UART_MspInit
                0x080020e0       0x90 ./src/stm32f1xx_hal_msp.o
                0x080020e0                HAL_UART_MspInit
 .text.SysTick_Handler
                0x08002170        0xc ./src/stm32f1xx_it.o
                0x08002170                SysTick_Handler
 .text.EXTI15_10_IRQHandler
                0x0800217c        0xc ./src/stm32f1xx_it.o
                0x0800217c                EXTI15_10_IRQHandler
 .text.prvHeapInit
                0x08002188       0x64 ./Middlewares/Third_Party/FreeRTOS/Source/portable/MemMang/heap_4.o
 .text.prvInsertBlockIntoFreeList
                0x080021ec       0x58 ./Middlewares/Third_Party/FreeRTOS/Source/portable/MemMang/heap_4.o
 .text.pvPortMalloc
                0x08002244       0xd4 ./Middlewares/Third_Party/FreeRTOS/Source/portable/MemMang/heap_4.o
                0x08002244                pvPortMalloc
 .text.vPortFree
                0x08002318       0x5c ./Middlewares/Third_Party/FreeRTOS/Source/portable/MemMang/heap_4.o
                0x08002318                vPortFree
 .text.prvPortStartFirstTask
                0x08002374       0x20 ./Middlewares/Third_Party/FreeRTOS/Source/portable/GCC/ARM_CM3/port.o
 .text.pxPortInitialiseStack
                0x08002394       0x20 ./Middlewares/Third_Party/FreeRTOS/Source/portable/GCC/ARM_CM3/port.o
                0x08002394                pxPortInitialiseStack
 .text.SVC_Handler
                0x080023b4       0x24 ./Middlewares/Third_Party/FreeRTOS/Source/portable/GCC/ARM_CM3/port.o
                0x080023b4                SVC_Handler
 .text.vPortYield
                0x080023d8       0x18 ./Middlewares/Third_Party/FreeRTOS/Source/portable/GCC/ARM_CM3/port.o
                0x080023d8                vPortYield
 .text.ulPortSetInterruptMask
                0x080023f0       0x10 ./Middlewares/Third_Party/FreeRTOS/Source/portable/GCC/ARM_CM3/port.o
                0x080023f0                ulPortSetInterruptMask
 .text.prvTaskExitError
                0x08002400       0x1c ./Middlewares/Third_Party/FreeRTOS/Source/portable/GCC/ARM_CM3/port.o
 .text.vPortEnterCritical
                0x0800241c       0x34 ./Middlewares/Third_Party/FreeRTOS/Source/portable/GCC/ARM_CM3/port.o
                0x0800241c                vPortEnterCritical
 .text.vPortClearInterruptMask
                0x08002450        0x8 ./Middlewares/Third_Party/FreeRTOS/Source/portable/GCC/ARM_CM3/port.o
                0x08002450                vPortClearInterruptMask
 .text.vPortExitCritical
                0x08002458       0x24 ./Middlewares/Third_Party/FreeRTOS/Source/portable/GCC/ARM_CM3/port.o
                0x08002458                vPortExitCritical
 .text.PendSV_Handler
                0x0800247c       0x44 ./Middlewares/Third_Party/FreeRTOS/Source/portable/GCC/ARM_CM3/port.o
                0x0800247c                PendSV_Handler
 .text.xPortSysTickHandler
                0x080024c0       0x20 ./Middlewares/Third_Party/FreeRTOS/Source/portable/GCC/ARM_CM3/port.o
                0x080024c0                xPortSysTickHandler
 .text.vPortSetupTimerInterrupt
                0x080024e0       0x28 ./Middlewares/Third_Party/FreeRTOS/Source/portable/GCC/ARM_CM3/port.o
                0x080024e0                vPortSetupTimerInterrupt
 .text.xPortStartScheduler
                0x08002508       0x94 ./Middlewares/Third_Party/FreeRTOS/Source/portable/GCC/ARM_CM3/port.o
                0x08002508                xPortStartScheduler
 .text.osSystickHandler
                0x0800259c       0x10 ./Middlewares/Third_Party/FreeRTOS/Source/CMSIS_RTOS/cmsis_os.o
                0x0800259c                osSystickHandler
 .text.vListInitialise
                0x080025ac       0x18 ./Middlewares/Third_Party/FreeRTOS/Source/list.o
                0x080025ac                vListInitialise
 .text.vListInitialiseItem
                0x080025c4        0x8 ./Middlewares/Third_Party/FreeRTOS/Source/list.o
                0x080025c4                vListInitialiseItem
 .text.vListInsertEnd
                0x080025cc       0x18 ./Middlewares/Third_Party/FreeRTOS/Source/list.o
                0x080025cc                vListInsertEnd
 .text.vListInsert
                0x080025e4       0x34 ./Middlewares/Third_Party/FreeRTOS/Source/list.o
                0x080025e4                vListInsert
 .text.uxListRemove
                0x08002618       0x24 ./Middlewares/Third_Party/FreeRTOS/Source/list.o
                0x08002618                uxListRemove
 .text.prvResetNextTaskUnblockTime
                0x0800263c       0x34 ./Middlewares/Third_Party/FreeRTOS/Source/tasks.o
 .text.prvAllocateTCBAndStack
                0x08002670       0x2c ./Middlewares/Third_Party/FreeRTOS/Source/tasks.o
 .text.prvDeleteTCB
                0x0800269c       0x14 ./Middlewares/Third_Party/FreeRTOS/Source/tasks.o
 .text.prvInitialiseTCBVariables
                0x080026b0       0x50 ./Middlewares/Third_Party/FreeRTOS/Source/tasks.o
 .text.prvInitialiseTaskLists
                0x08002700       0x64 ./Middlewares/Third_Party/FreeRTOS/Source/tasks.o
 .text.prvAddCurrentTaskToDelayedList
                0x08002764       0x54 ./Middlewares/Third_Party/FreeRTOS/Source/tasks.o
 .text.xTaskGenericCreate
                0x080027b8      0x10c ./Middlewares/Third_Party/FreeRTOS/Source/tasks.o
                0x080027b8                xTaskGenericCreate
 .text.vTaskStartScheduler
                0x080028c4       0x5c ./Middlewares/Third_Party/FreeRTOS/Source/tasks.o
                0x080028c4                vTaskStartScheduler
 .text.vTaskSuspendAll
                0x08002920       0x10 ./Middlewares/Third_Party/FreeRTOS/Source/tasks.o
                0x08002920                vTaskSuspendAll
 .text.xTaskIncrementTick
                0x08002930      0x118 ./Middlewares/Third_Party/FreeRTOS/Source/tasks.o
                0x08002930                xTaskIncrementTick
 .text.xTaskResumeAll
                0x08002a48       0xdc ./Middlewares/Third_Party/FreeRTOS/Source/tasks.o
                0x08002a48                xTaskResumeAll
 .text.vTaskDelay
                0x08002b24       0x64 ./Middlewares/Third_Party/FreeRTOS/Source/tasks.o
                0x08002b24                vTaskDelay
 .text.prvCheckTasksWaitingTermination
                0x08002b88       0x54 ./Middlewares/Third_Party/FreeRTOS/Source/tasks.o
 .text.prvIdleTask
                0x08002bdc       0x18 ./Middlewares/Third_Party/FreeRTOS/Source/tasks.o
 .text.vTaskSwitchContext
                0x08002bf4       0x70 ./Middlewares/Third_Party/FreeRTOS/Source/tasks.o
                0x08002bf4                vTaskSwitchContext
 .text.xTaskGetSchedulerState
                0x08002c64       0x20 ./Middlewares/Third_Party/FreeRTOS/Source/tasks.o
                0x08002c64                xTaskGetSchedulerState
 .text.__errno  0x08002c84        0xc c:/stm32toolchain/gnu-arm/4.8-2014q3/bin/../lib/gcc/arm-none-eabi/4.8.4/../../../../arm-none-eabi/lib/armv7-m\libg_s.a(lib_a-errno.o)
                0x08002c84                __errno
 .text.memcpy   0x08002c90       0x12 c:/stm32toolchain/gnu-arm/4.8-2014q3/bin/../lib/gcc/arm-none-eabi/4.8.4/../../../../arm-none-eabi/lib/armv7-m\libg_s.a(lib_a-memcpy-stub.o)
                0x08002c90                memcpy
 *fill*         0x08002ca2        0x2 
 .text.sprintf  0x08002ca4       0x48 c:/stm32toolchain/gnu-arm/4.8-2014q3/bin/../lib/gcc/arm-none-eabi/4.8.4/../../../../arm-none-eabi/lib/armv7-m\libg_s.a(lib_a-sprintf.o)
                0x08002ca4                siprintf
                0x08002ca4                sprintf
 .text.strlen   0x08002cec       0x10 c:/stm32toolchain/gnu-arm/4.8-2014q3/bin/../lib/gcc/arm-none-eabi/4.8.4/../../../../arm-none-eabi/lib/armv7-m\libg_s.a(lib_a-strlen.o)
                0x08002cec                strlen
 .text.__ssputs_r
                0x08002cfc       0xb8 c:/stm32toolchain/gnu-arm/4.8-2014q3/bin/../lib/gcc/arm-none-eabi/4.8.4/../../../../arm-none-eabi/lib/armv7-m\libg_s.a(lib_a-svfprintf.o)
                0x08002cfc                __ssputs_r
 .text._svfprintf_r
                0x08002db4      0x1d8 c:/stm32toolchain/gnu-arm/4.8-2014q3/bin/../lib/gcc/arm-none-eabi/4.8.4/../../../../arm-none-eabi/lib/armv7-m\libg_s.a(lib_a-svfprintf.o)
                0x08002db4                _svfiprintf_r
                0x08002db4                _svfprintf_r
 .text._printf_common
                0x08002f8c       0xe4 c:/stm32toolchain/gnu-arm/4.8-2014q3/bin/../lib/gcc/arm-none-eabi/4.8.4/../../../../arm-none-eabi/lib/armv7-m\libg_s.a(lib_a-vfprintf_i.o)
                0x08002f8c                _printf_common
 .text._printf_i
                0x08003070      0x228 c:/stm32toolchain/gnu-arm/4.8-2014q3/bin/../lib/gcc/arm-none-eabi/4.8.4/../../../../arm-none-eabi/lib/armv7-m\libg_s.a(lib_a-vfprintf_i.o)
                0x08003070                _printf_i
 .text._vsnprintf_r
                0x08003298       0x52 c:/stm32toolchain/gnu-arm/4.8-2014q3/bin/../lib/gcc/arm-none-eabi/4.8.4/../../../../arm-none-eabi/lib/armv7-m\libg_s.a(lib_a-vsnprintf.o)
                0x08003298                _vsniprintf_r
                0x08003298                _vsnprintf_r
 *fill*         0x080032ea        0x2 
 .text.vsnprintf
                0x080032ec       0x20 c:/stm32toolchain/gnu-arm/4.8-2014q3/bin/../lib/gcc/arm-none-eabi/4.8.4/../../../../arm-none-eabi/lib/armv7-m\libg_s.a(lib_a-vsnprintf.o)
                0x080032ec                vsniprintf
                0x080032ec                vsnprintf
 .text.memchr   0x0800330c       0x1c c:/stm32toolchain/gnu-arm/4.8-2014q3/bin/../lib/gcc/arm-none-eabi/4.8.4/../../../../arm-none-eabi/lib/armv7-m\libg_s.a(lib_a-memchr-stub.o)
                0x0800330c                memchr
 .text.memmove  0x08003328       0x36 c:/stm32toolchain/gnu-arm/4.8-2014q3/bin/../lib/gcc/arm-none-eabi/4.8.4/../../../../arm-none-eabi/lib/armv7-m\libg_s.a(lib_a-memmove.o)
                0x08003328                memmove
 *fill*         0x0800335e        0x2 
 .text._free_r  0x08003360       0x88 c:/stm32toolchain/gnu-arm/4.8-2014q3/bin/../lib/gcc/arm-none-eabi/4.8.4/../../../../arm-none-eabi/lib/armv7-m\libg_s.a(lib_a-nano-freer.o)
                0x08003360                _free_r
 .text._malloc_r
                0x080033e8       0xa8 c:/stm32toolchain/gnu-arm/4.8-2014q3/bin/../lib/gcc/arm-none-eabi/4.8.4/../../../../arm-none-eabi/lib/armv7-m\libg_s.a(lib_a-nano-mallocr.o)
                0x080033e8                _malloc_r
 .text._realloc_r
                0x08003490       0x4c c:/stm32toolchain/gnu-arm/4.8-2014q3/bin/../lib/gcc/arm-none-eabi/4.8.4/../../../../arm-none-eabi/lib/armv7-m\libg_s.a(lib_a-nano-reallocr.o)
                0x08003490                _realloc_r
 .text._sbrk_r  0x080034dc       0x20 c:/stm32toolchain/gnu-arm/4.8-2014q3/bin/../lib/gcc/arm-none-eabi/4.8.4/../../../../arm-none-eabi/lib/armv7-m\libg_s.a(lib_a-sbrkr.o)
                0x080034dc                _sbrk_r
 .text._malloc_usable_size_r
                0x080034fc       0x12 c:/stm32toolchain/gnu-arm/4.8-2014q3/bin/../lib/gcc/arm-none-eabi/4.8.4/../../../../arm-none-eabi/lib/armv7-m\libg_s.a(lib_a-nano-msizer.o)
                0x080034fc                _malloc_usable_size_r
 *(.rodata .rodata.* .constdata .constdata.*)
 *fill*         0x0800350e        0x2 
 .rodata        0x08003510       0x14 ./system/src/stm32f1xx/stm32f1xx_hal_rcc.o
 .rodata.str1.4
                0x08003524      0x146 ./system/src/cortexm/exception_handlers.o
                                0x148 (size before relaxing)
 *fill*         0x0800366a        0x2 
 .rodata.AHBPrescTable
                0x0800366c       0x10 ./system/src/cmsis/system_stm32f1xx.o
                0x0800366c                AHBPrescTable
 .rodata.APBPrescTable
                0x0800367c        0x8 ./system/src/cmsis/system_stm32f1xx.o
                0x0800367c                APBPrescTable
 .rodata.str1.4
                0x08003684       0x90 ./src/main.o
 .rodata.str1.4
                0x08003714        0x8 ./Middlewares/Third_Party/FreeRTOS/Source/tasks.o
 .rodata.str1.1
                0x0800371c        0x2 c:/stm32toolchain/gnu-arm/4.8-2014q3/bin/../lib/gcc/arm-none-eabi/4.8.4/../../../../arm-none-eabi/lib/armv7-m\libg_s.a(lib_a-impure.o)
 .rodata.str1.1
                0x0800371e       0x11 c:/stm32toolchain/gnu-arm/4.8-2014q3/bin/../lib/gcc/arm-none-eabi/4.8.4/../../../../arm-none-eabi/lib/armv7-m\libg_s.a(lib_a-svfprintf.o)
 .rodata.str1.1
                0x0800372f       0x22 c:/stm32toolchain/gnu-arm/4.8-2014q3/bin/../lib/gcc/arm-none-eabi/4.8.4/../../../../arm-none-eabi/lib/armv7-m\libg_s.a(lib_a-vfprintf_i.o)
 *(vtable)
 *(.eh_frame*)
 *(.glue_7)
 .glue_7        0x00000000        0x0 linker stubs
 *(.glue_7t)
 .glue_7t       0x00000000        0x0 linker stubs

.vfp11_veneer   0x08003754        0x0
 .vfp11_veneer  0x00000000        0x0 linker stubs

.v4_bx          0x08003754        0x0
 .v4_bx         0x00000000        0x0 linker stubs

.iplt           0x08003754        0x0
 .iplt          0x00000000        0x0 ./system/src/stm32f1xx/stm32f1xx_hal.o

.rel.dyn        0x08003754        0x0
 .rel.iplt      0x00000000        0x0 ./system/src/stm32f1xx/stm32f1xx_hal.o

.ARM.extab
 *(.ARM.extab* .gnu.linkonce.armextab.*)
                0x08003754                . = ALIGN (0x4)
                0x08003754                __exidx_start = .

.ARM.exidx
 *(.ARM.exidx* .gnu.linkonce.armexidx.*)
                0x08003754                __exidx_end = .
                0x08003754                . = ALIGN (0x4)
                0x08003754                _etext = .
                0x08003754                __etext = .

.data_CCMRAM    0x10000000        0x0 load address 0x08003754
 FILL mask 0xff
 *(.data.CCMRAM .data.CCMRAM.*)
                0x10000000                . = ALIGN (0x4)
                0x08003754                _sidata = LOADADDR (.data)

.data           0x20000000       0x7c load address 0x08003754
 FILL mask 0xff
                0x20000000                _sdata = .
                0x20000000                __data_start__ = .
 *(.data_begin .data_begin.*)
 .data_begin    0x20000000        0x4 ./system/src/newlib/_startup.o
 *(.data .data.*)
 .data.argv.4015
                0x20000004        0x8 ./system/src/newlib/_syscalls.o
 .data.SystemCoreClock
                0x2000000c        0x4 ./system/src/cmsis/system_stm32f1xx.o
                0x2000000c                SystemCoreClock
 .data.uxCriticalNesting
                0x20000010        0x4 ./Middlewares/Third_Party/FreeRTOS/Source/portable/GCC/ARM_CM3/port.o
 .data.impure_data
                0x20000014       0x60 c:/stm32toolchain/gnu-arm/4.8-2014q3/bin/../lib/gcc/arm-none-eabi/4.8.4/../../../../arm-none-eabi/lib/armv7-m\libg_s.a(lib_a-impure.o)
 .data._impure_ptr
                0x20000074        0x4 c:/stm32toolchain/gnu-arm/4.8-2014q3/bin/../lib/gcc/arm-none-eabi/4.8.4/../../../../arm-none-eabi/lib/armv7-m\libg_s.a(lib_a-impure.o)
                0x20000074                _impure_ptr
 *(.data_end .data_end.*)
 .data_end      0x20000078        0x4 ./system/src/newlib/_startup.o
                0x2000007c                . = ALIGN (0x4)
                0x2000007c                _edata = .
                0x2000007c                __data_end__ = .

.igot.plt       0x2000007c        0x0 load address 0x080037d0
 .igot.plt      0x00000000        0x0 ./system/src/stm32f1xx/stm32f1xx_hal.o

.bss_CCMRAM     0x10000000        0x0
 *(.bss.CCMRAM .bss.CCMRAM.*)

.bss            0x2000007c      0xee8
                0x2000007c                __bss_start__ = .
                0x2000007c                _sbss = .
 *(.bss_begin .bss_begin.*)
 .bss_begin     0x2000007c        0x4 ./system/src/newlib/_startup.o
 *(.bss .bss.*)
 .bss.uwTick    0x20000080        0x4 ./system/src/stm32f1xx/stm32f1xx_hal.o
 .bss.current_heap_end.3842
                0x20000084        0x4 ./system/src/newlib/_sbrk.o
 .bss.name.4014
                0x20000088        0x4 ./system/src/newlib/_syscalls.o
 .bss.buf.4905  0x2000008c       0x80 ./system/src/diag/Trace.o
 .bss.TxMessage.6624
                0x2000010c       0x1c ./src/main.o
 .bss.RxMessage.6625
                0x20000128       0x24 ./src/main.o
 .bss.xFreeBytesRemaining
                0x2000014c        0x4 ./Middlewares/Third_Party/FreeRTOS/Source/portable/MemMang/heap_4.o
 .bss.pxEnd     0x20000150        0x4 ./Middlewares/Third_Party/FreeRTOS/Source/portable/MemMang/heap_4.o
 .bss.xStart    0x20000154        0x8 ./Middlewares/Third_Party/FreeRTOS/Source/portable/MemMang/heap_4.o
 .bss.ucHeap    0x2000015c      0xc00 ./Middlewares/Third_Party/FreeRTOS/Source/portable/MemMang/heap_4.o
 .bss.xBlockAllocatedBit
                0x20000d5c        0x4 ./Middlewares/Third_Party/FreeRTOS/Source/portable/MemMang/heap_4.o
 .bss.xMinimumEverFreeBytesRemaining
                0x20000d60        0x4 ./Middlewares/Third_Party/FreeRTOS/Source/portable/MemMang/heap_4.o
 .bss.ucMaxSysCallPriority
                0x20000d64        0x1 ./Middlewares/Third_Party/FreeRTOS/Source/portable/GCC/ARM_CM3/port.o
 *fill*         0x20000d65        0x3 
 .bss.ulMaxPRIGROUPValue
                0x20000d68        0x4 ./Middlewares/Third_Party/FreeRTOS/Source/portable/GCC/ARM_CM3/port.o
 .bss.pxDelayedTaskList
                0x20000d6c        0x4 ./Middlewares/Third_Party/FreeRTOS/Source/tasks.o
 .bss.xSchedulerRunning
                0x20000d70        0x4 ./Middlewares/Third_Party/FreeRTOS/Source/tasks.o
 .bss.uxTasksDeleted
                0x20000d74        0x4 ./Middlewares/Third_Party/FreeRTOS/Source/tasks.o
 .bss.xTasksWaitingTermination
                0x20000d78       0x14 ./Middlewares/Third_Party/FreeRTOS/Source/tasks.o
 .bss.uxPendedTicks
                0x20000d8c        0x4 ./Middlewares/Third_Party/FreeRTOS/Source/tasks.o
 .bss.pxReadyTasksLists
                0x20000d90       0x8c ./Middlewares/Third_Party/FreeRTOS/Source/tasks.o
 .bss.uxSchedulerSuspended
                0x20000e1c        0x4 ./Middlewares/Third_Party/FreeRTOS/Source/tasks.o
 .bss.uxCurrentNumberOfTasks
                0x20000e20        0x4 ./Middlewares/Third_Party/FreeRTOS/Source/tasks.o
 .bss.pxCurrentTCB
                0x20000e24        0x4 ./Middlewares/Third_Party/FreeRTOS/Source/tasks.o
                0x20000e24                pxCurrentTCB
 .bss.xNextTaskUnblockTime
                0x20000e28        0x4 ./Middlewares/Third_Party/FreeRTOS/Source/tasks.o
 .bss.xNumOfOverflows
                0x20000e2c        0x4 ./Middlewares/Third_Party/FreeRTOS/Source/tasks.o
 .bss.xTickCount
                0x20000e30        0x4 ./Middlewares/Third_Party/FreeRTOS/Source/tasks.o
 .bss.pxOverflowDelayedTaskList
                0x20000e34        0x4 ./Middlewares/Third_Party/FreeRTOS/Source/tasks.o
 .bss.xPendingReadyList
                0x20000e38       0x14 ./Middlewares/Third_Party/FreeRTOS/Source/tasks.o
 .bss.uxTaskNumber
                0x20000e4c        0x4 ./Middlewares/Third_Party/FreeRTOS/Source/tasks.o
 .bss.xDelayedTaskList1
                0x20000e50       0x14 ./Middlewares/Third_Party/FreeRTOS/Source/tasks.o
 .bss.xDelayedTaskList2
                0x20000e64       0x14 ./Middlewares/Third_Party/FreeRTOS/Source/tasks.o
 .bss.xSuspendedTaskList
                0x20000e78       0x14 ./Middlewares/Third_Party/FreeRTOS/Source/tasks.o
 .bss.uxTopReadyPriority
                0x20000e8c        0x4 ./Middlewares/Third_Party/FreeRTOS/Source/tasks.o
 .bss.xYieldPending
                0x20000e90        0x4 ./Middlewares/Third_Party/FreeRTOS/Source/tasks.o
 .bss.__malloc_sbrk_start
                0x20000e94        0x4 c:/stm32toolchain/gnu-arm/4.8-2014q3/bin/../lib/gcc/arm-none-eabi/4.8.4/../../../../arm-none-eabi/lib/armv7-m\libg_s.a(lib_a-nano-mallocr.o)
                0x20000e94                __malloc_sbrk_start
 .bss.__malloc_free_list
                0x20000e98        0x4 c:/stm32toolchain/gnu-arm/4.8-2014q3/bin/../lib/gcc/arm-none-eabi/4.8.4/../../../../arm-none-eabi/lib/armv7-m\libg_s.a(lib_a-nano-mallocr.o)
                0x20000e98                __malloc_free_list
 *(COMMON)
 COMMON         0x20000e9c        0x4 ./system/src/newlib/_syscalls.o
                0x20000e9c                errno
 COMMON         0x20000ea0       0xc0 ./src/main.o
                0x20000ea0                hcan
                0x20000ee0                huart1
                0x20000f20                huart2
 *(.bss_end .bss_end.*)
 .bss_end       0x20000f60        0x4 ./system/src/newlib/_startup.o
                0x20000f64                . = ALIGN (0x4)
                0x20000f64                __bss_end__ = .
                0x20000f64                _ebss = .

.noinit_CCMRAM
 *(.noinit.CCMRAM .noinit.CCMRAM.*)

.noinit         0x20000f64        0x0
                0x20000f64                _noinit = .
 *(.noinit .noinit.*)
                0x20000f64                . = ALIGN (0x4)
                0x20000f64                _end_noinit = .
                0x20000f64                PROVIDE (end, _end_noinit)
                0x20000f64                PROVIDE (_end, _end_noinit)
                0x20000f64                PROVIDE (__end, _end_noinit)
                0x20000f64                PROVIDE (__end__, _end_noinit)

._check_stack   0x20000f64      0x100
                0x20001064                . = (. + _Minimum_Stack_Size)
 *fill*         0x20000f64      0x100 

.b1text
 *(.b1text)
 *(.b1rodata)
 *(.b1rodata.*)

.eb0text
 *(.eb0text)
 *(.eb0rodata)
 *(.eb0rodata.*)

.eb1text
 *(.eb1text)
 *(.eb1rodata)
 *(.eb1rodata.*)

.eb2text
 *(.eb2text)
 *(.eb2rodata)
 *(.eb2rodata.*)

.eb3text
 *(.eb3text)
 *(.eb3rodata)
 *(.eb3rodata.*)

.stab
 *(.stab)

.stabstr
 *(.stabstr)

.stab.excl
 *(.stab.excl)

.stab.exclstr
 *(.stab.exclstr)

.stab.index
 *(.stab.index)

.stab.indexstr
 *(.stab.indexstr)

.comment        0x00000000       0x70
 *(.comment)
 .comment       0x00000000       0x70 ./system/src/stm32f1xx/stm32f1xx_hal.o
                                 0x71 (size before relaxing)
 .comment       0x00000000       0x71 ./system/src/stm32f1xx/stm32f1xx_hal_can.o
 .comment       0x00000000       0x71 ./system/src/stm32f1xx/stm32f1xx_hal_cortex.o
 .comment       0x00000000       0x71 ./system/src/stm32f1xx/stm32f1xx_hal_gpio.o
 .comment       0x00000000       0x71 ./system/src/stm32f1xx/stm32f1xx_hal_rcc.o
 .comment       0x00000000       0x71 ./system/src/stm32f1xx/stm32f1xx_hal_uart.o
 .comment       0x00000000       0x71 ./system/src/newlib/_exit.o
 .comment       0x00000000       0x71 ./system/src/newlib/_sbrk.o
 .comment       0x00000000       0x71 ./system/src/newlib/_startup.o
 .comment       0x00000000       0x71 ./system/src/newlib/_syscalls.o
 .comment       0x00000000       0x71 ./system/src/diag/Trace.o
 .comment       0x00000000       0x71 ./system/src/diag/trace_impl.o
 .comment       0x00000000       0x71 ./system/src/cortexm/_initialize_hardware.o
 .comment       0x00000000       0x71 ./system/src/cortexm/exception_handlers.o
 .comment       0x00000000       0x71 ./system/src/cmsis/system_stm32f1xx.o
 .comment       0x00000000       0x71 ./src/main.o
 .comment       0x00000000       0x71 ./src/stm32f1xx_hal_msp.o
 .comment       0x00000000       0x71 ./src/stm32f1xx_it.o
 .comment       0x00000000       0x71 ./Middlewares/Third_Party/FreeRTOS/Source/portable/MemMang/heap_4.o
 .comment       0x00000000       0x71 ./Middlewares/Third_Party/FreeRTOS/Source/portable/GCC/ARM_CM3/port.o
 .comment       0x00000000       0x71 ./Middlewares/Third_Party/FreeRTOS/Source/CMSIS_RTOS/cmsis_os.o
 .comment       0x00000000       0x71 ./Middlewares/Third_Party/FreeRTOS/Source/list.o
 .comment       0x00000000       0x71 ./Middlewares/Third_Party/FreeRTOS/Source/tasks.o

.ARM.attributes
                0x00000000       0x31
 .ARM.attributes
                0x00000000       0x33 ./system/src/stm32f1xx/stm32f1xx_hal.o
 .ARM.attributes
                0x00000033       0x33 ./system/src/stm32f1xx/stm32f1xx_hal_can.o
 .ARM.attributes
                0x00000066       0x33 ./system/src/stm32f1xx/stm32f1xx_hal_cortex.o
 .ARM.attributes
                0x00000099       0x33 ./system/src/stm32f1xx/stm32f1xx_hal_gpio.o
 .ARM.attributes
                0x000000cc       0x33 ./system/src/stm32f1xx/stm32f1xx_hal_rcc.o
 .ARM.attributes
                0x000000ff       0x33 ./system/src/stm32f1xx/stm32f1xx_hal_uart.o
 .ARM.attributes
                0x00000132       0x33 ./system/src/newlib/_exit.o
 .ARM.attributes
                0x00000165       0x33 ./system/src/newlib/_sbrk.o
 .ARM.attributes
                0x00000198       0x33 ./system/src/newlib/_startup.o
 .ARM.attributes
                0x000001cb       0x33 ./system/src/newlib/_syscalls.o
 .ARM.attributes
                0x000001fe       0x33 ./system/src/diag/Trace.o
 .ARM.attributes
                0x00000231       0x33 ./system/src/diag/trace_impl.o
 .ARM.attributes
                0x00000264       0x33 ./system/src/cortexm/_initialize_hardware.o
 .ARM.attributes
                0x00000297       0x33 ./system/src/cortexm/exception_handlers.o
 .ARM.attributes
                0x000002ca       0x21 ./system/src/cmsis/startup_stm32f103xb.o
 .ARM.attributes
                0x000002eb       0x33 ./system/src/cmsis/system_stm32f1xx.o
 .ARM.attributes
                0x0000031e       0x33 ./src/main.o
 .ARM.attributes
                0x00000351       0x33 ./src/stm32f1xx_hal_msp.o
 .ARM.attributes
                0x00000384       0x33 ./src/stm32f1xx_it.o
 .ARM.attributes
                0x000003b7       0x33 ./Middlewares/Third_Party/FreeRTOS/Source/portable/MemMang/heap_4.o
 .ARM.attributes
                0x000003ea       0x33 ./Middlewares/Third_Party/FreeRTOS/Source/portable/GCC/ARM_CM3/port.o
 .ARM.attributes
                0x0000041d       0x33 ./Middlewares/Third_Party/FreeRTOS/Source/CMSIS_RTOS/cmsis_os.o
 .ARM.attributes
                0x00000450       0x33 ./Middlewares/Third_Party/FreeRTOS/Source/list.o
 .ARM.attributes
                0x00000483       0x33 ./Middlewares/Third_Party/FreeRTOS/Source/tasks.o
 .ARM.attributes
                0x000004b6       0x2d c:/stm32toolchain/gnu-arm/4.8-2014q3/bin/../lib/gcc/arm-none-eabi/4.8.4/../../../../arm-none-eabi/lib/armv7-m\libg_s.a(lib_a-errno.o)
 .ARM.attributes
                0x000004e3       0x2d c:/stm32toolchain/gnu-arm/4.8-2014q3/bin/../lib/gcc/arm-none-eabi/4.8.4/../../../../arm-none-eabi/lib/armv7-m\libg_s.a(lib_a-impure.o)
 .ARM.attributes
                0x00000510       0x2d c:/stm32toolchain/gnu-arm/4.8-2014q3/bin/../lib/gcc/arm-none-eabi/4.8.4/../../../../arm-none-eabi/lib/armv7-m\libg_s.a(lib_a-memcpy-stub.o)
 .ARM.attributes
                0x0000053d       0x2d c:/stm32toolchain/gnu-arm/4.8-2014q3/bin/../lib/gcc/arm-none-eabi/4.8.4/../../../../arm-none-eabi/lib/armv7-m\libg_s.a(lib_a-sprintf.o)
 .ARM.attributes
                0x0000056a       0x2d c:/stm32toolchain/gnu-arm/4.8-2014q3/bin/../lib/gcc/arm-none-eabi/4.8.4/../../../../arm-none-eabi/lib/armv7-m\libg_s.a(lib_a-strlen.o)
 .ARM.attributes
                0x00000597       0x2d c:/stm32toolchain/gnu-arm/4.8-2014q3/bin/../lib/gcc/arm-none-eabi/4.8.4/../../../../arm-none-eabi/lib/armv7-m\libg_s.a(lib_a-svfprintf.o)
 .ARM.attributes
                0x000005c4       0x2d c:/stm32toolchain/gnu-arm/4.8-2014q3/bin/../lib/gcc/arm-none-eabi/4.8.4/../../../../arm-none-eabi/lib/armv7-m\libg_s.a(lib_a-vfprintf_i.o)
 .ARM.attributes
                0x000005f1       0x2d c:/stm32toolchain/gnu-arm/4.8-2014q3/bin/../lib/gcc/arm-none-eabi/4.8.4/../../../../arm-none-eabi/lib/armv7-m\libg_s.a(lib_a-vsnprintf.o)
 .ARM.attributes
                0x0000061e       0x2d c:/stm32toolchain/gnu-arm/4.8-2014q3/bin/../lib/gcc/arm-none-eabi/4.8.4/../../../../arm-none-eabi/lib/armv7-m\libg_s.a(lib_a-memchr-stub.o)
 .ARM.attributes
                0x0000064b       0x2d c:/stm32toolchain/gnu-arm/4.8-2014q3/bin/../lib/gcc/arm-none-eabi/4.8.4/../../../../arm-none-eabi/lib/armv7-m\libg_s.a(lib_a-memmove.o)
 .ARM.attributes
                0x00000678       0x2d c:/stm32toolchain/gnu-arm/4.8-2014q3/bin/../lib/gcc/arm-none-eabi/4.8.4/../../../../arm-none-eabi/lib/armv7-m\libg_s.a(lib_a-nano-freer.o)
 .ARM.attributes
                0x000006a5       0x2d c:/stm32toolchain/gnu-arm/4.8-2014q3/bin/../lib/gcc/arm-none-eabi/4.8.4/../../../../arm-none-eabi/lib/armv7-m\libg_s.a(lib_a-nano-mallocr.o)
 .ARM.attributes
                0x000006d2       0x2d c:/stm32toolchain/gnu-arm/4.8-2014q3/bin/../lib/gcc/arm-none-eabi/4.8.4/../../../../arm-none-eabi/lib/armv7-m\libg_s.a(lib_a-nano-reallocr.o)
 .ARM.attributes
                0x000006ff       0x2d c:/stm32toolchain/gnu-arm/4.8-2014q3/bin/../lib/gcc/arm-none-eabi/4.8.4/../../../../arm-none-eabi/lib/armv7-m\libg_s.a(lib_a-sbrkr.o)
 .ARM.attributes
                0x0000072c       0x2d c:/stm32toolchain/gnu-arm/4.8-2014q3/bin/../lib/gcc/arm-none-eabi/4.8.4/../../../../arm-none-eabi/lib/armv7-m\libg_s.a(lib_a-nano-msizer.o)

.debug
 *(.debug)

.line
 *(.line)

.debug_srcinfo
 *(.debug_srcinfo)

.debug_sfnames
 *(.debug_sfnames)

.debug_aranges  0x00000000      0xb58
 *(.debug_aranges)
 .debug_aranges
                0x00000000       0xb0 ./system/src/stm32f1xx/stm32f1xx_hal.o
 .debug_aranges
                0x000000b0       0xb0 ./system/src/stm32f1xx/stm32f1xx_hal_can.o
 .debug_aranges
                0x00000160       0x90 ./system/src/stm32f1xx/stm32f1xx_hal_cortex.o
 .debug_aranges
                0x000001f0       0x58 ./system/src/stm32f1xx/stm32f1xx_hal_gpio.o
 .debug_aranges
                0x00000248       0x88 ./system/src/stm32f1xx/stm32f1xx_hal_rcc.o
 .debug_aranges
                0x000002d0      0x150 ./system/src/stm32f1xx/stm32f1xx_hal_uart.o
 .debug_aranges
                0x00000420       0x28 ./system/src/newlib/_exit.o
 .debug_aranges
                0x00000448       0x20 ./system/src/newlib/_sbrk.o
 .debug_aranges
                0x00000468       0x40 ./system/src/newlib/_startup.o
 .debug_aranges
                0x000004a8       0x30 ./system/src/newlib/_syscalls.o
 .debug_aranges
                0x000004d8       0x38 ./system/src/diag/Trace.o
 .debug_aranges
                0x00000510       0x28 ./system/src/diag/trace_impl.o
 .debug_aranges
                0x00000538       0x28 ./system/src/cortexm/_initialize_hardware.o
 .debug_aranges
                0x00000560       0x88 ./system/src/cortexm/exception_handlers.o
 .debug_aranges
                0x000005e8       0x28 ./system/src/cmsis/startup_stm32f103xb.o
 .debug_aranges
                0x00000610       0x28 ./system/src/cmsis/system_stm32f1xx.o
 .debug_aranges
                0x00000638       0x60 ./src/main.o
 .debug_aranges
                0x00000698       0x40 ./src/stm32f1xx_hal_msp.o
 .debug_aranges
                0x000006d8       0x28 ./src/stm32f1xx_it.o
 .debug_aranges
                0x00000700       0x50 ./Middlewares/Third_Party/FreeRTOS/Source/portable/MemMang/heap_4.o
 .debug_aranges
                0x00000750       0x90 ./Middlewares/Third_Party/FreeRTOS/Source/portable/GCC/ARM_CM3/port.o
 .debug_aranges
                0x000007e0      0x1b0 ./Middlewares/Third_Party/FreeRTOS/Source/CMSIS_RTOS/cmsis_os.o
 .debug_aranges
                0x00000990       0x40 ./Middlewares/Third_Party/FreeRTOS/Source/list.o
 .debug_aranges
                0x000009d0      0x188 ./Middlewares/Third_Party/FreeRTOS/Source/tasks.o

.debug_pubnames
 *(.debug_pubnames)

.debug_info     0x00000000     0xcf7f
 *(.debug_info .gnu.linkonce.wi.*)
 .debug_info    0x00000000      0x6a5 ./system/src/stm32f1xx/stm32f1xx_hal.o
 .debug_info    0x000006a5      0xb67 ./system/src/stm32f1xx/stm32f1xx_hal_can.o
 .debug_info    0x0000120c      0xbff ./system/src/stm32f1xx/stm32f1xx_hal_cortex.o
 .debug_info    0x00001e0b      0x5db ./system/src/stm32f1xx/stm32f1xx_hal_gpio.o
 .debug_info    0x000023e6     0x1317 ./system/src/stm32f1xx/stm32f1xx_hal_rcc.o
 .debug_info    0x000036fd     0x10ce ./system/src/stm32f1xx/stm32f1xx_hal_uart.o
 .debug_info    0x000047cb      0x100 ./system/src/newlib/_exit.o
 .debug_info    0x000048cb      0x125 ./system/src/newlib/_sbrk.o
 .debug_info    0x000049f0      0x475 ./system/src/newlib/_startup.o
 .debug_info    0x00004e65      0x1bc ./system/src/newlib/_syscalls.o
 .debug_info    0x00005021      0x32b ./system/src/diag/Trace.o
 .debug_info    0x0000534c      0x114 ./system/src/diag/trace_impl.o
 .debug_info    0x00005460      0x294 ./system/src/cortexm/_initialize_hardware.o
 .debug_info    0x000056f4      0x796 ./system/src/cortexm/exception_handlers.o
 .debug_info    0x00005e8a       0x7f ./system/src/cmsis/startup_stm32f103xb.o
 .debug_info    0x00005f09      0x39e ./system/src/cmsis/system_stm32f1xx.o
 .debug_info    0x000062a7     0x1963 ./src/main.o
 .debug_info    0x00007c0a      0xf3f ./src/stm32f1xx_hal_msp.o
 .debug_info    0x00008b49      0x119 ./src/stm32f1xx_it.o
 .debug_info    0x00008c62      0x39f ./Middlewares/Third_Party/FreeRTOS/Source/portable/MemMang/heap_4.o
 .debug_info    0x00009001      0x3d7 ./Middlewares/Third_Party/FreeRTOS/Source/portable/GCC/ARM_CM3/port.o
 .debug_info    0x000093d8     0x1b9c ./Middlewares/Third_Party/FreeRTOS/Source/CMSIS_RTOS/cmsis_os.o
 .debug_info    0x0000af74      0x29a ./Middlewares/Third_Party/FreeRTOS/Source/list.o
 .debug_info    0x0000b20e     0x1d71 ./Middlewares/Third_Party/FreeRTOS/Source/tasks.o

.debug_abbrev   0x00000000     0x2817
 *(.debug_abbrev)
 .debug_abbrev  0x00000000      0x258 ./system/src/stm32f1xx/stm32f1xx_hal.o
 .debug_abbrev  0x00000258      0x206 ./system/src/stm32f1xx/stm32f1xx_hal_can.o
 .debug_abbrev  0x0000045e      0x28e ./system/src/stm32f1xx/stm32f1xx_hal_cortex.o
 .debug_abbrev  0x000006ec      0x1cb ./system/src/stm32f1xx/stm32f1xx_hal_gpio.o
 .debug_abbrev  0x000008b7      0x2d8 ./system/src/stm32f1xx/stm32f1xx_hal_rcc.o
 .debug_abbrev  0x00000b8f      0x250 ./system/src/stm32f1xx/stm32f1xx_hal_uart.o
 .debug_abbrev  0x00000ddf       0xa4 ./system/src/newlib/_exit.o
 .debug_abbrev  0x00000e83       0xbb ./system/src/newlib/_sbrk.o
 .debug_abbrev  0x00000f3e      0x1e9 ./system/src/newlib/_startup.o
 .debug_abbrev  0x00001127       0xee ./system/src/newlib/_syscalls.o
 .debug_abbrev  0x00001215      0x178 ./system/src/diag/Trace.o
 .debug_abbrev  0x0000138d       0xb4 ./system/src/diag/trace_impl.o
 .debug_abbrev  0x00001441       0xea ./system/src/cortexm/_initialize_hardware.o
 .debug_abbrev  0x0000152b      0x1d6 ./system/src/cortexm/exception_handlers.o
 .debug_abbrev  0x00001701       0x12 ./system/src/cmsis/startup_stm32f103xb.o
 .debug_abbrev  0x00001713      0x123 ./system/src/cmsis/system_stm32f1xx.o
 .debug_abbrev  0x00001836      0x2be ./src/main.o
 .debug_abbrev  0x00001af4      0x1c2 ./src/stm32f1xx_hal_msp.o
 .debug_abbrev  0x00001cb6       0xb7 ./src/stm32f1xx_it.o
 .debug_abbrev  0x00001d6d      0x1d4 ./Middlewares/Third_Party/FreeRTOS/Source/portable/MemMang/heap_4.o
 .debug_abbrev  0x00001f41      0x1fb ./Middlewares/Third_Party/FreeRTOS/Source/portable/GCC/ARM_CM3/port.o
 .debug_abbrev  0x0000213c      0x32c ./Middlewares/Third_Party/FreeRTOS/Source/CMSIS_RTOS/cmsis_os.o
 .debug_abbrev  0x00002468       0xdf ./Middlewares/Third_Party/FreeRTOS/Source/list.o
 .debug_abbrev  0x00002547      0x2d0 ./Middlewares/Third_Party/FreeRTOS/Source/tasks.o

.debug_line     0x00000000     0x7ce6
 *(.debug_line)
 .debug_line    0x00000000      0x62d ./system/src/stm32f1xx/stm32f1xx_hal.o
 .debug_line    0x0000062d      0x8c6 ./system/src/stm32f1xx/stm32f1xx_hal_can.o
 .debug_line    0x00000ef3      0x66a ./system/src/stm32f1xx/stm32f1xx_hal_cortex.o
 .debug_line    0x0000155d      0x63f ./system/src/stm32f1xx/stm32f1xx_hal_gpio.o
 .debug_line    0x00001b9c      0xa61 ./system/src/stm32f1xx/stm32f1xx_hal_rcc.o
 .debug_line    0x000025fd      0xb3e ./system/src/stm32f1xx/stm32f1xx_hal_uart.o
 .debug_line    0x0000313b      0x263 ./system/src/newlib/_exit.o
 .debug_line    0x0000339e      0x214 ./system/src/newlib/_sbrk.o
 .debug_line    0x000035b2      0x2d2 ./system/src/newlib/_startup.o
 .debug_line    0x00003884      0x303 ./system/src/newlib/_syscalls.o
 .debug_line    0x00003b87      0x31a ./system/src/diag/Trace.o
 .debug_line    0x00003ea1      0x313 ./system/src/diag/trace_impl.o
 .debug_line    0x000041b4      0x193 ./system/src/cortexm/_initialize_hardware.o
 .debug_line    0x00004347      0x44f ./system/src/cortexm/exception_handlers.o
 .debug_line    0x00004796       0x86 ./system/src/cmsis/startup_stm32f103xb.o
 .debug_line    0x0000481c      0x19b ./system/src/cmsis/system_stm32f1xx.o
 .debug_line    0x000049b7      0x73a ./src/main.o
 .debug_line    0x000050f1      0x53c ./src/stm32f1xx_hal_msp.o
 .debug_line    0x0000562d      0x666 ./src/stm32f1xx_it.o
 .debug_line    0x00005c93      0x45a ./Middlewares/Third_Party/FreeRTOS/Source/portable/MemMang/heap_4.o
 .debug_line    0x000060ed      0x318 ./Middlewares/Third_Party/FreeRTOS/Source/portable/GCC/ARM_CM3/port.o
 .debug_line    0x00006405      0x987 ./Middlewares/Third_Party/FreeRTOS/Source/CMSIS_RTOS/cmsis_os.o
 .debug_line    0x00006d8c      0x3ac ./Middlewares/Third_Party/FreeRTOS/Source/list.o
 .debug_line    0x00007138      0xbae ./Middlewares/Third_Party/FreeRTOS/Source/tasks.o

.debug_frame    0x00000000     0x1d98
 *(.debug_frame)
 .debug_frame   0x00000000      0x164 ./system/src/stm32f1xx/stm32f1xx_hal.o
 .debug_frame   0x00000164      0x1c4 ./system/src/stm32f1xx/stm32f1xx_hal_can.o
 .debug_frame   0x00000328      0x11c ./system/src/stm32f1xx/stm32f1xx_hal_cortex.o
 .debug_frame   0x00000444       0xb8 ./system/src/stm32f1xx/stm32f1xx_hal_gpio.o
 .debug_frame   0x000004fc      0x140 ./system/src/stm32f1xx/stm32f1xx_hal_rcc.o
 .debug_frame   0x0000063c      0x354 ./system/src/stm32f1xx/stm32f1xx_hal_uart.o
 .debug_frame   0x00000990       0x38 ./system/src/newlib/_exit.o
 .debug_frame   0x000009c8       0x28 ./system/src/newlib/_sbrk.o
 .debug_frame   0x000009f0       0x7c ./system/src/newlib/_startup.o
 .debug_frame   0x00000a6c       0x50 ./system/src/newlib/_syscalls.o
 .debug_frame   0x00000abc       0x80 ./system/src/diag/Trace.o
 .debug_frame   0x00000b3c       0x30 ./system/src/diag/trace_impl.o
 .debug_frame   0x00000b6c       0x40 ./system/src/cortexm/_initialize_hardware.o
 .debug_frame   0x00000bac      0x144 ./system/src/cortexm/exception_handlers.o
 .debug_frame   0x00000cf0       0x30 ./system/src/cmsis/system_stm32f1xx.o
 .debug_frame   0x00000d20       0xec ./src/main.o
 .debug_frame   0x00000e0c       0x90 ./src/stm32f1xx_hal_msp.o
 .debug_frame   0x00000e9c       0x40 ./src/stm32f1xx_it.o
 .debug_frame   0x00000edc       0xa0 ./Middlewares/Third_Party/FreeRTOS/Source/portable/MemMang/heap_4.o
 .debug_frame   0x00000f7c      0x138 ./Middlewares/Third_Party/FreeRTOS/Source/portable/GCC/ARM_CM3/port.o
 .debug_frame   0x000010b4      0x4c0 ./Middlewares/Third_Party/FreeRTOS/Source/CMSIS_RTOS/cmsis_os.o
 .debug_frame   0x00001574       0x68 ./Middlewares/Third_Party/FreeRTOS/Source/list.o
 .debug_frame   0x000015dc      0x4a0 ./Middlewares/Third_Party/FreeRTOS/Source/tasks.o
 .debug_frame   0x00001a7c       0x20 c:/stm32toolchain/gnu-arm/4.8-2014q3/bin/../lib/gcc/arm-none-eabi/4.8.4/../../../../arm-none-eabi/lib/armv7-m\libg_s.a(lib_a-errno.o)
 .debug_frame   0x00001a9c       0x28 c:/stm32toolchain/gnu-arm/4.8-2014q3/bin/../lib/gcc/arm-none-eabi/4.8.4/../../../../arm-none-eabi/lib/armv7-m\libg_s.a(lib_a-memcpy-stub.o)
 .debug_frame   0x00001ac4       0x58 c:/stm32toolchain/gnu-arm/4.8-2014q3/bin/../lib/gcc/arm-none-eabi/4.8.4/../../../../arm-none-eabi/lib/armv7-m\libg_s.a(lib_a-sprintf.o)
 .debug_frame   0x00001b1c       0x20 c:/stm32toolchain/gnu-arm/4.8-2014q3/bin/../lib/gcc/arm-none-eabi/4.8.4/../../../../arm-none-eabi/lib/armv7-m\libg_s.a(lib_a-strlen.o)
 .debug_frame   0x00001b3c       0x88 c:/stm32toolchain/gnu-arm/4.8-2014q3/bin/../lib/gcc/arm-none-eabi/4.8.4/../../../../arm-none-eabi/lib/armv7-m\libg_s.a(lib_a-svfprintf.o)
 .debug_frame   0x00001bc4       0x60 c:/stm32toolchain/gnu-arm/4.8-2014q3/bin/../lib/gcc/arm-none-eabi/4.8.4/../../../../arm-none-eabi/lib/armv7-m\libg_s.a(lib_a-vfprintf_i.o)
 .debug_frame   0x00001c24       0x4c c:/stm32toolchain/gnu-arm/4.8-2014q3/bin/../lib/gcc/arm-none-eabi/4.8.4/../../../../arm-none-eabi/lib/armv7-m\libg_s.a(lib_a-vsnprintf.o)
 .debug_frame   0x00001c70       0x28 c:/stm32toolchain/gnu-arm/4.8-2014q3/bin/../lib/gcc/arm-none-eabi/4.8.4/../../../../arm-none-eabi/lib/armv7-m\libg_s.a(lib_a-memchr-stub.o)
 .debug_frame   0x00001c98       0x2c c:/stm32toolchain/gnu-arm/4.8-2014q3/bin/../lib/gcc/arm-none-eabi/4.8.4/../../../../arm-none-eabi/lib/armv7-m\libg_s.a(lib_a-memmove.o)
 .debug_frame   0x00001cc4       0x2c c:/stm32toolchain/gnu-arm/4.8-2014q3/bin/../lib/gcc/arm-none-eabi/4.8.4/../../../../arm-none-eabi/lib/armv7-m\libg_s.a(lib_a-nano-freer.o)
 .debug_frame   0x00001cf0       0x2c c:/stm32toolchain/gnu-arm/4.8-2014q3/bin/../lib/gcc/arm-none-eabi/4.8.4/../../../../arm-none-eabi/lib/armv7-m\libg_s.a(lib_a-nano-mallocr.o)
 .debug_frame   0x00001d1c       0x30 c:/stm32toolchain/gnu-arm/4.8-2014q3/bin/../lib/gcc/arm-none-eabi/4.8.4/../../../../arm-none-eabi/lib/armv7-m\libg_s.a(lib_a-nano-reallocr.o)
 .debug_frame   0x00001d4c       0x2c c:/stm32toolchain/gnu-arm/4.8-2014q3/bin/../lib/gcc/arm-none-eabi/4.8.4/../../../../arm-none-eabi/lib/armv7-m\libg_s.a(lib_a-sbrkr.o)
 .debug_frame   0x00001d78       0x20 c:/stm32toolchain/gnu-arm/4.8-2014q3/bin/../lib/gcc/arm-none-eabi/4.8.4/../../../../arm-none-eabi/lib/armv7-m\libg_s.a(lib_a-nano-msizer.o)

.debug_str      0x00000000    0x91aeb
 *(.debug_str)
 .debug_str     0x00000000    0x85535 ./system/src/stm32f1xx/stm32f1xx_hal.o
                              0x859e3 (size before relaxing)
 .debug_str     0x00085535      0x5d8 ./system/src/stm32f1xx/stm32f1xx_hal_can.o
                              0x8593f (size before relaxing)
 .debug_str     0x00085b0d      0x274 ./system/src/stm32f1xx/stm32f1xx_hal_cortex.o
                              0x859cd (size before relaxing)
 .debug_str     0x00085d81      0x452 ./system/src/stm32f1xx/stm32f1xx_hal_gpio.o
                              0x857b1 (size before relaxing)
 .debug_str     0x000861d3      0x3d6 ./system/src/stm32f1xx/stm32f1xx_hal_rcc.o
                              0x85812 (size before relaxing)
 .debug_str     0x000865a9      0x6a0 ./system/src/stm32f1xx/stm32f1xx_hal_uart.o
                              0x85a95 (size before relaxing)
 .debug_str     0x00086c49      0xeeb ./system/src/newlib/_exit.o
                               0x4e9a (size before relaxing)
 .debug_str     0x00087b34      0x366 ./system/src/newlib/_sbrk.o
                               0x4450 (size before relaxing)
 .debug_str     0x00087e9a      0x266 ./system/src/newlib/_startup.o
                               0x4026 (size before relaxing)
 .debug_str     0x00088100      0xc3a ./system/src/newlib/_syscalls.o
                               0x50cc (size before relaxing)
 .debug_str     0x00088d3a     0x1013 ./system/src/diag/Trace.o
                               0x6581 (size before relaxing)
 .debug_str     0x00089d4d       0x42 ./system/src/diag/trace_impl.o
                              0x5b7a1 (size before relaxing)
 .debug_str     0x00089d8f       0x5e ./system/src/cortexm/_initialize_hardware.o
                              0x59b57 (size before relaxing)
 .debug_str     0x00089ded      0x1ca ./system/src/cortexm/exception_handlers.o
                              0x5d478 (size before relaxing)
 .debug_str     0x00089fb7       0x4d ./system/src/cmsis/system_stm32f1xx.o
                              0x59bd7 (size before relaxing)
 .debug_str     0x0008a004     0x5836 ./src/main.o
                              0x8b7a5 (size before relaxing)
 .debug_str     0x0008f83a       0x1b ./src/stm32f1xx_hal_msp.o
                              0x85cb6 (size before relaxing)
 .debug_str     0x0008f855       0x4e ./src/stm32f1xx_it.o
                              0x8a9f3 (size before relaxing)
 .debug_str     0x0008f8a3      0x2f6 ./Middlewares/Third_Party/FreeRTOS/Source/portable/MemMang/heap_4.o
                               0x816b (size before relaxing)
 .debug_str     0x0008fb99      0x721 ./Middlewares/Third_Party/FreeRTOS/Source/portable/GCC/ARM_CM3/port.o
                               0x70ea (size before relaxing)
 .debug_str     0x000902ba      0x952 ./Middlewares/Third_Party/FreeRTOS/Source/CMSIS_RTOS/cmsis_os.o
                               0xb99e (size before relaxing)
 .debug_str     0x00090c0c      0x13d ./Middlewares/Third_Party/FreeRTOS/Source/list.o
                               0x7880 (size before relaxing)
 .debug_str     0x00090d49      0xda2 ./Middlewares/Third_Party/FreeRTOS/Source/tasks.o
                               0xa730 (size before relaxing)

.debug_loc      0x00000000     0x5ecd
 *(.debug_loc)
 .debug_loc     0x00000000       0x7d ./system/src/stm32f1xx/stm32f1xx_hal.o
 .debug_loc     0x0000007d      0x60f ./system/src/stm32f1xx/stm32f1xx_hal_can.o
 .debug_loc     0x0000068c      0x501 ./system/src/stm32f1xx/stm32f1xx_hal_cortex.o
 .debug_loc     0x00000b8d      0x357 ./system/src/stm32f1xx/stm32f1xx_hal_gpio.o
 .debug_loc     0x00000ee4      0xde3 ./system/src/stm32f1xx/stm32f1xx_hal_rcc.o
 .debug_loc     0x00001cc7      0xf53 ./system/src/stm32f1xx/stm32f1xx_hal_uart.o
 .debug_loc     0x00002c1a       0x6b ./system/src/newlib/_sbrk.o
 .debug_loc     0x00002c85      0x265 ./system/src/newlib/_startup.o
 .debug_loc     0x00002eea       0x63 ./system/src/newlib/_syscalls.o
 .debug_loc     0x00002f4d       0xf7 ./system/src/diag/Trace.o
 .debug_loc     0x00003044       0x21 ./system/src/diag/trace_impl.o
 .debug_loc     0x00003065      0x184 ./system/src/cortexm/exception_handlers.o
 .debug_loc     0x000031e9       0xe4 ./system/src/cmsis/system_stm32f1xx.o
 .debug_loc     0x000032cd       0x93 ./src/main.o
 .debug_loc     0x00003360       0xb6 ./src/stm32f1xx_hal_msp.o
 .debug_loc     0x00003416      0x288 ./Middlewares/Third_Party/FreeRTOS/Source/portable/MemMang/heap_4.o
 .debug_loc     0x0000369e       0xa6 ./Middlewares/Third_Party/FreeRTOS/Source/portable/GCC/ARM_CM3/port.o
 .debug_loc     0x00003744      0xeb8 ./Middlewares/Third_Party/FreeRTOS/Source/CMSIS_RTOS/cmsis_os.o
 .debug_loc     0x000045fc       0x65 ./Middlewares/Third_Party/FreeRTOS/Source/list.o
 .debug_loc     0x00004661     0x186c ./Middlewares/Third_Party/FreeRTOS/Source/tasks.o

.debug_macinfo
 *(.debug_macinfo)

.debug_weaknames
 *(.debug_weaknames)

.debug_funcnames
 *(.debug_funcnames)

.debug_typenames
 *(.debug_typenames)

.debug_varnames
 *(.debug_varnames)
OUTPUT(CANBUS-FreeRTOS.elf elf32-littlearm)

.debug_ranges   0x00000000      0xa10
 .debug_ranges  0x00000000       0xa0 ./system/src/stm32f1xx/stm32f1xx_hal.o
 .debug_ranges  0x000000a0       0xa0 ./system/src/stm32f1xx/stm32f1xx_hal_can.o
 .debug_ranges  0x00000140       0x80 ./system/src/stm32f1xx/stm32f1xx_hal_cortex.o
 .debug_ranges  0x000001c0       0x48 ./system/src/stm32f1xx/stm32f1xx_hal_gpio.o
 .debug_ranges  0x00000208       0x78 ./system/src/stm32f1xx/stm32f1xx_hal_rcc.o
 .debug_ranges  0x00000280      0x140 ./system/src/stm32f1xx/stm32f1xx_hal_uart.o
 .debug_ranges  0x000003c0       0x18 ./system/src/newlib/_exit.o
 .debug_ranges  0x000003d8       0x10 ./system/src/newlib/_sbrk.o
 .debug_ranges  0x000003e8       0x48 ./system/src/newlib/_startup.o
 .debug_ranges  0x00000430       0x20 ./system/src/newlib/_syscalls.o
 .debug_ranges  0x00000450       0x28 ./system/src/diag/Trace.o
 .debug_ranges  0x00000478       0x18 ./system/src/diag/trace_impl.o
 .debug_ranges  0x00000490       0x18 ./system/src/cortexm/_initialize_hardware.o
 .debug_ranges  0x000004a8       0x78 ./system/src/cortexm/exception_handlers.o
 .debug_ranges  0x00000520       0x20 ./system/src/cmsis/startup_stm32f103xb.o
 .debug_ranges  0x00000540       0x18 ./system/src/cmsis/system_stm32f1xx.o
 .debug_ranges  0x00000558       0x50 ./src/main.o
 .debug_ranges  0x000005a8       0x30 ./src/stm32f1xx_hal_msp.o
 .debug_ranges  0x000005d8       0x18 ./src/stm32f1xx_it.o
 .debug_ranges  0x000005f0       0x40 ./Middlewares/Third_Party/FreeRTOS/Source/portable/MemMang/heap_4.o
 .debug_ranges  0x00000630       0x80 ./Middlewares/Third_Party/FreeRTOS/Source/portable/GCC/ARM_CM3/port.o
 .debug_ranges  0x000006b0      0x1a0 ./Middlewares/Third_Party/FreeRTOS/Source/CMSIS_RTOS/cmsis_os.o
 .debug_ranges  0x00000850       0x30 ./Middlewares/Third_Party/FreeRTOS/Source/list.o
 .debug_ranges  0x00000880      0x190 ./Middlewares/Third_Party/FreeRTOS/Source/tasks.o

.debug_macro    0x00000000    0x1a3dd
 .debug_macro   0x00000000      0x251 ./system/src/stm32f1xx/stm32f1xx_hal.o
 .debug_macro   0x00000251      0x856 ./system/src/stm32f1xx/stm32f1xx_hal.o
 .debug_macro   0x00000aa7       0x6a ./system/src/stm32f1xx/stm32f1xx_hal.o
 .debug_macro   0x00000b11      0x161 ./system/src/stm32f1xx/stm32f1xx_hal.o
 .debug_macro   0x00000c72       0x2e ./system/src/stm32f1xx/stm32f1xx_hal.o
 .debug_macro   0x00000ca0       0x22 ./system/src/stm32f1xx/stm32f1xx_hal.o
 .debug_macro   0x00000cc2      0x34e ./system/src/stm32f1xx/stm32f1xx_hal.o
 .debug_macro   0x00001010       0x34 ./system/src/stm32f1xx/stm32f1xx_hal.o
 .debug_macro   0x00001044       0x34 ./system/src/stm32f1xx/stm32f1xx_hal.o
 .debug_macro   0x00001078      0xb8e ./system/src/stm32f1xx/stm32f1xx_hal.o
 .debug_macro   0x00001c06     0xf2f7 ./system/src/stm32f1xx/stm32f1xx_hal.o
 .debug_macro   0x00010efd       0x43 ./system/src/stm32f1xx/stm32f1xx_hal.o
 .debug_macro   0x00010f40     0x3383 ./system/src/stm32f1xx/stm32f1xx_hal.o
 .debug_macro   0x000142c3       0x58 ./system/src/stm32f1xx/stm32f1xx_hal.o
 .debug_macro   0x0001431b       0x16 ./system/src/stm32f1xx/stm32f1xx_hal.o
 .debug_macro   0x00014331       0x35 ./system/src/stm32f1xx/stm32f1xx_hal.o
 .debug_macro   0x00014366       0xa3 ./system/src/stm32f1xx/stm32f1xx_hal.o
 .debug_macro   0x00014409       0x16 ./system/src/stm32f1xx/stm32f1xx_hal.o
 .debug_macro   0x0001441f       0x97 ./system/src/stm32f1xx/stm32f1xx_hal.o
 .debug_macro   0x000144b6       0x10 ./system/src/stm32f1xx/stm32f1xx_hal.o
 .debug_macro   0x000144c6       0xf6 ./system/src/stm32f1xx/stm32f1xx_hal.o
 .debug_macro   0x000145bc       0x4a ./system/src/stm32f1xx/stm32f1xx_hal.o
 .debug_macro   0x00014606       0x52 ./system/src/stm32f1xx/stm32f1xx_hal.o
 .debug_macro   0x00014658       0x16 ./system/src/stm32f1xx/stm32f1xx_hal.o
 .debug_macro   0x0001466e       0x43 ./system/src/stm32f1xx/stm32f1xx_hal.o
 .debug_macro   0x000146b1      0x180 ./system/src/stm32f1xx/stm32f1xx_hal.o
 .debug_macro   0x00014831       0x10 ./system/src/stm32f1xx/stm32f1xx_hal.o
 .debug_macro   0x00014841       0x22 ./system/src/stm32f1xx/stm32f1xx_hal.o
 .debug_macro   0x00014863       0xbd ./system/src/stm32f1xx/stm32f1xx_hal.o
 .debug_macro   0x00014920       0x16 ./system/src/stm32f1xx/stm32f1xx_hal.o
 .debug_macro   0x00014936      0x16c ./system/src/stm32f1xx/stm32f1xx_hal.o
 .debug_macro   0x00014aa2       0x5e ./system/src/stm32f1xx/stm32f1xx_hal.o
 .debug_macro   0x00014b00      0x778 ./system/src/stm32f1xx/stm32f1xx_hal.o
 .debug_macro   0x00015278      0x28b ./system/src/stm32f1xx/stm32f1xx_hal.o
 .debug_macro   0x00015503      0x141 ./system/src/stm32f1xx/stm32f1xx_hal.o
 .debug_macro   0x00015644      0x197 ./system/src/stm32f1xx/stm32f1xx_hal.o
 .debug_macro   0x000157db      0x1ae ./system/src/stm32f1xx/stm32f1xx_hal.o
 .debug_macro   0x00015989       0x2d ./system/src/stm32f1xx/stm32f1xx_hal.o
 .debug_macro   0x000159b6       0x3c ./system/src/stm32f1xx/stm32f1xx_hal.o
 .debug_macro   0x000159f2      0x401 ./system/src/stm32f1xx/stm32f1xx_hal.o
 .debug_macro   0x00015df3       0x10 ./system/src/stm32f1xx/stm32f1xx_hal.o
 .debug_macro   0x00015e03       0x57 ./system/src/stm32f1xx/stm32f1xx_hal.o
 .debug_macro   0x00015e5a       0x8c ./system/src/stm32f1xx/stm32f1xx_hal.o
 .debug_macro   0x00015ee6      0x242 ./system/src/stm32f1xx/stm32f1xx_hal.o
 .debug_macro   0x00016128      0x143 ./system/src/stm32f1xx/stm32f1xx_hal.o
 .debug_macro   0x0001626b      0x256 ./system/src/stm32f1xx/stm32f1xx_hal.o
 .debug_macro   0x000164c1       0x7c ./system/src/stm32f1xx/stm32f1xx_hal.o
 .debug_macro   0x0001653d      0x25c ./system/src/stm32f1xx/stm32f1xx_hal_can.o
 .debug_macro   0x00016799      0x22d ./system/src/stm32f1xx/stm32f1xx_hal_cortex.o
 .debug_macro   0x000169c6      0x29d ./system/src/stm32f1xx/stm32f1xx_hal_gpio.o
 .debug_macro   0x00016c63      0x251 ./system/src/stm32f1xx/stm32f1xx_hal_rcc.o
 .debug_macro   0x00016eb4      0x22e ./system/src/stm32f1xx/stm32f1xx_hal_uart.o
 .debug_macro   0x000170e2      0x11b ./system/src/newlib/_exit.o
 .debug_macro   0x000171fd      0x850 ./system/src/newlib/_exit.o
 .debug_macro   0x00017a4d      0x10e ./system/src/newlib/_exit.o
 .debug_macro   0x00017b5b       0x86 ./system/src/newlib/_exit.o
 .debug_macro   0x00017be1       0x10 ./system/src/newlib/_exit.o
 .debug_macro   0x00017bf1       0x35 ./system/src/newlib/_exit.o
 .debug_macro   0x00017c26       0xd1 ./system/src/newlib/_sbrk.o
 .debug_macro   0x00017cf7       0x19 ./system/src/newlib/_sbrk.o
 .debug_macro   0x00017d10      0x16d ./system/src/newlib/_sbrk.o
 .debug_macro   0x00017e7d       0x10 ./system/src/newlib/_sbrk.o
 .debug_macro   0x00017e8d      0x23b ./system/src/newlib/_sbrk.o
 .debug_macro   0x000180c8       0xdb ./system/src/newlib/_startup.o
 .debug_macro   0x000181a3      0x169 ./system/src/newlib/_syscalls.o
 .debug_macro   0x0001830c       0x1c ./system/src/newlib/_syscalls.o
 .debug_macro   0x00018328       0x10 ./system/src/newlib/_syscalls.o
 .debug_macro   0x00018338       0x10 ./system/src/newlib/_syscalls.o
 .debug_macro   0x00018348       0x10 ./system/src/newlib/_syscalls.o
 .debug_macro   0x00018358       0x35 ./system/src/newlib/_syscalls.o
 .debug_macro   0x0001838d      0x120 ./system/src/newlib/_syscalls.o
 .debug_macro   0x000184ad       0x22 ./system/src/newlib/_syscalls.o
 .debug_macro   0x000184cf       0x2b ./system/src/newlib/_syscalls.o
 .debug_macro   0x000184fa      0x118 ./system/src/newlib/_syscalls.o
 .debug_macro   0x00018612      0x13a ./system/src/newlib/_syscalls.o
 .debug_macro   0x0001874c       0x16 ./system/src/newlib/_syscalls.o
 .debug_macro   0x00018762      0x15a ./system/src/diag/Trace.o
 .debug_macro   0x000188bc       0x52 ./system/src/diag/Trace.o
 .debug_macro   0x0001890e      0x283 ./system/src/diag/Trace.o
 .debug_macro   0x00018b91       0x10 ./system/src/diag/Trace.o
 .debug_macro   0x00018ba1       0x1f ./system/src/diag/Trace.o
 .debug_macro   0x00018bc0      0x150 ./system/src/diag/trace_impl.o
 .debug_macro   0x00018d10       0x8a ./system/src/cortexm/_initialize_hardware.o
 .debug_macro   0x00018d9a      0x1af ./system/src/cortexm/exception_handlers.o
 .debug_macro   0x00018f49       0x3a ./system/src/cortexm/exception_handlers.o
 .debug_macro   0x00018f83       0x22 ./system/src/cortexm/exception_handlers.o
 .debug_macro   0x00018fa5       0x92 ./system/src/cmsis/system_stm32f1xx.o
 .debug_macro   0x00019037      0x2f2 ./src/main.o
 .debug_macro   0x00019329       0x16 ./src/main.o
 .debug_macro   0x0001933f       0xc5 ./src/main.o
 .debug_macro   0x00019404       0x91 ./src/main.o
 .debug_macro   0x00019495       0xb0 ./src/main.o
 .debug_macro   0x00019545       0x7f ./src/main.o
 .debug_macro   0x000195c4       0x19 ./src/main.o
 .debug_macro   0x000195dd       0xcf ./src/main.o
 .debug_macro   0x000196ac      0x22d ./src/stm32f1xx_hal_msp.o
 .debug_macro   0x000198d9      0x2f8 ./src/stm32f1xx_it.o
 .debug_macro   0x00019bd1      0x172 ./Middlewares/Third_Party/FreeRTOS/Source/portable/MemMang/heap_4.o
 .debug_macro   0x00019d43      0x13f ./Middlewares/Third_Party/FreeRTOS/Source/portable/GCC/ARM_CM3/port.o
 .debug_macro   0x00019e82      0x1c2 ./Middlewares/Third_Party/FreeRTOS/Source/CMSIS_RTOS/cmsis_os.o
 .debug_macro   0x0001a044       0x26 ./Middlewares/Third_Party/FreeRTOS/Source/CMSIS_RTOS/cmsis_os.o
 .debug_macro   0x0001a06a      0x14b ./Middlewares/Third_Party/FreeRTOS/Source/list.o
 .debug_macro   0x0001a1b5      0x217 ./Middlewares/Third_Party/FreeRTOS/Source/tasks.o
 .debug_macro   0x0001a3cc       0x11 ./Middlewares/Third_Party/FreeRTOS/Source/tasks.o
